
> sliding-blocks-puzzle@4.7.5 build
> vite build

[36mvite v5.4.21 [32mbuilding for production...[36m[39m
transforming...
[32mΓ£ô[39m 5 modules transformed.
node.exe : [31mx[39m Build failed in 167ms
At line:1 char:1
+ & "C:\Program Files\nodejs/node.exe" "C:\Program 
Files\nodejs/node_mo ...
+ ~~~~~~~~~~~~~~~~~~~~~~~~~~~~~~~~~~~~~~~~~~~~~~~~~~~~
~~~~~~~~~~~~~~~~~
    + CategoryInfo          : NotSpecified: ([31mx[ 
   39m Build failed in 167ms:String) [], RemoteExcep  
  tion
    + FullyQualifiedErrorId : NativeCommandError
 
[31merror during build:
[31m[vite-plugin-pwa:build] [plugin 
vite-plugin-pwa:build] src/main.js: There was an 
error during the build:
  Transform failed with 1 error:
C:/Users/ozalp/Code/AntiGravity/Jarrows 
v2/src/main.js:7032:9: ERROR: The symbol 
"updateUndoButtonState" has already been declared
Additionally, handling the error in the 'buildEnd' 
hook caused the following error:
  Transform failed with 1 error:
C:/Users/ozalp/Code/AntiGravity/Jarrows 
v2/src/main.js:7032:9: ERROR: The symbol 
"updateUndoButtonState" has already been declared[31m
file: [36mC:/Users/ozalp/Code/AntiGravity/Jarrows 
v2/src/main.js[31m
    at getRollupError (file:///C:/Users/ozalp/Code/Ant
iGravity/Jarrows%20v2/node_modules/rollup/dist/es/shar
ed/parseAst.js:401:41)
    at file:///C:/Users/ozalp/Code/AntiGravity/Jarrows
%20v2/node_modules/rollup/dist/es/shared/node-entry.js
:23418:39
    at process.processTicksAndRejections 
(node:internal/process/task_queues:105:5)
    at async catchUnfinishedHookActions (file:///C:/Us
ers/ozalp/Code/AntiGravity/Jarrows%20v2/node_modules/r
ollup/dist/es/shared/node-entry.js:22876:16)
    at async rollupInternal (file:///C:/Users/ozalp/Co
de/AntiGravity/Jarrows%20v2/node_modules/rollup/dist/e
s/shared/node-entry.js:23401:5)
    at async build (file:///C:/Users/ozalp/Code/AntiGr
avity/Jarrows%20v2/node_modules/vite/dist/node/chunks/
dep-BK3b2jBa.js:65709:14)
    at async CAC.<anonymous> (file:///C:/Users/ozalp/C
ode/AntiGravity/Jarrows%20v2/node_modules/vite/dist/no
de/cli.js:829:5)[39m
